// Jest Snapshot v1, https://goo.gl/fbAQLP

exports[`<SideContainer /> should match previous snapshot 1`] = `<styled.div />`;
