// Jest Snapshot v1, https://goo.gl/fbAQLP

exports[`<MainContainer /> should match previous snapshot 1`] = `<styled.div />`;
